active
Environment=RUST_LOG=info GUD_FFS_READ_SIZE=16384 GUD_RECEIVE_MODE=status-on-set-aio GUD_TEST_COMPRESSION=none GUD_TEST_MAX_BUFFER_SIZE=1843200 GUD_TEST_OUTPUT_MODE=1280x720 GUD_TRANSFER_FORMAT=rgb565 GUD_FRAME_DUMP_MODE=disabled GUD_PATTERN_MODE=off
configured
Aug 24 02:08:19 raspberrypi gud-drm-e2-direct-rgb565[3115]: 2026-08-24T01:08:19.579177Z  INFO gud_drm: selected receive mode before UDC bind event="receive_mode" receive_mode="status-on-set-aio" status_on_set=true aio_queue_depth=1
Aug 24 02:08:19 raspberrypi gud-drm-e2-direct-rgb565[3115]: 2026-08-24T01:08:19.579339Z  INFO gud_drm: Frame dump policy frame_dump_mode=Disabled
Aug 24 02:08:19 raspberrypi gud-drm-e2-direct-rgb565[3115]: 2026-08-24T01:08:19.579363Z  INFO gud_drm: Pattern mode: Off
Aug 24 02:08:19 raspberrypi gud-drm-e2-direct-rgb565[3115]: 2026-08-24T01:08:19.579380Z  INFO gud_drm: Per-row CRC trace row_crc_trace=false
Aug 24 02:08:19 raspberrypi gud-drm-e2-direct-rgb565[3115]: 2026-08-24T01:08:19.579399Z  INFO gud_drm: Selected transfer format transfer_format="rgb565" gud_format=0x40 drm_fourcc="Rgb565" depth=16 bpp=16 bytes_per_pixel=2
Aug 24 02:08:19 raspberrypi gud-drm-e2-direct-rgb565[3115]: 2026-08-24T01:08:19.579430Z  INFO gud_drm: FunctionFS bulk OUT read ceiling: 16384 bytes; conservative receive safety deadline: 1000 ms
Aug 24 02:08:19 raspberrypi gud-drm-e2-direct-rgb565[3115]: 2026-08-24T01:08:19.579457Z  WARN gud_drm: TEST-ONLY GUD descriptor override enabled; a fresh USB enumeration is required compression="none" descriptor_max_buffer_size=Some(1843200)
Aug 24 02:08:19 raspberrypi gud-drm-e2-direct-rgb565[3115]: 2026-08-24T01:08:19.579485Z  WARN gud_drm: TEST-ONLY physical DRM output-mode override enabled; normal mode selection is unchanged when GUD_TEST_OUTPUT_MODE is absent width=1280 height=720
Aug 24 02:08:19 raspberrypi gud-drm-e2-direct-rgb565[3115]: 2026-08-24T01:08:19.579511Z  INFO gud_drm: Opening DRM device: /dev/dri/card0
Aug 24 02:08:19 raspberrypi gud-drm-e2-direct-rgb565[3115]: 2026-08-24T01:08:19.587692Z  INFO gud_drm: Using UDC: Udc { name: "3f980000.usb" }
Aug 24 02:08:19 raspberrypi gud-drm-e2-direct-rgb565[3115]: 2026-08-24T01:08:19.587845Z  INFO gud_drm: Serialized GUD display descriptor fields event="descriptor_config" magic="0x1d50614d" version=1 flags=1 compression=0 max_buffer_size=1843200 min_width=640 max_width=1920 min_height=400 max_height=1080 dynamic_mode_match=false
Aug 24 02:08:19 raspberrypi gud-drm-e2-direct-rgb565[3115]: 2026-08-24T01:08:19.744297Z  INFO gud_drm: USB gadgets removed
Aug 24 02:08:19 raspberrypi gud-drm-e2-direct-rgb565[3115]: 2026-08-24T01:08:19.744366Z  INFO gud_drm: Created pixel data endpoint
Aug 24 02:08:19 raspberrypi gud-drm-e2-direct-rgb565[3115]: 2026-08-24T01:08:19.744405Z  INFO gud_drm: Built USB gadget
Aug 24 02:08:19 raspberrypi gud-drm-e2-direct-rgb565[3115]: 2026-08-24T01:08:19.744933Z  INFO gud_drm: Built normalized complete-timing route catalog connector=0 entries=28 preferred=ModeKey { connector: 0, clock: 148500, hdisplay: 1920, hsync_start: 2008, hsync_end: 2052, htotal: 2200, vdisplay: 1080, vsync_start: 1084, vsync_end: 1089, vtotal: 1125, flags: 5 } exact_routes=25 scaled_routes=3
Aug 24 02:08:19 raspberrypi gud-drm-e2-direct-rgb565[3115]: 2026-08-24T01:08:19.745015Z  INFO gud_drm: Catalog-derived memory estimate; actual DRM pitch/mapping lengths are recorded per allocation logical_scanout_estimate_bytes=24883200 max_shadow_bytes=4147200 logical_peak_estimate_bytes=29030400 transfer_format=Rgb565
Aug 24 02:08:19 raspberrypi gud-drm-e2-direct-rgb565[3115]: 2026-08-24T01:08:19.745053Z  INFO gud_drm: Picked deterministic physical DRM startup/fallback mode width=1280 height=720 test_override=true dynamic_mode_match=false mode=Mode { name: "1280x720", clock: 74250, size: (1280, 720), hsync: (1390, 1430, 1650), vsync: (725, 730, 750), hskew: 0, vscan: 0, vrefresh: 60, mode_type: ModeTypeFlags(DRIVER) }
Aug 24 02:08:19 raspberrypi gud-drm-e2-direct-rgb565[3115]: 2026-08-24T01:08:19.809399Z  INFO gud_drm: CRTC set, display should be active
Aug 24 02:08:19 raspberrypi gud-drm-e2-direct-rgb565[3115]: 2026-08-24T01:08:19.876069Z  INFO gud_drm: Filled both framebuffers with waiting screen
Aug 24 02:08:19 raspberrypi gud-drm-e2-direct-rgb565[3115]: 2026-08-24T01:08:19.876147Z  WARN gud_drm: Failed to flush test pattern: dirty DRM framebuffer
Aug 24 02:08:20 raspberrypi gud-drm-e2-direct-rgb565[3115]: 2026-08-24T01:08:19.895594Z  INFO gud_drm: USB gadget bound to UDC
Aug 24 02:08:20 raspberrypi gud-drm-e2-direct-rgb565[3115]: 2026-08-24T01:08:19.895651Z  INFO gud_drm: Entering main event loop
Aug 24 02:08:20 raspberrypi gud-drm-e2-direct-rgb565[3115]: 2026-08-24T01:08:19.895753Z  INFO gud_drm: E1-T05 lifecycle event observed from proven Idle ownership event="e1_t05_lifecycle_observed" lifecycle_event="bind" lifecycle_event_state=Idle usb_session_state=WaitingForHost aggregate_idle=true exact_aio_idle=true accepted_operation_absent=true aio_queue_empty=true pending_exact_receive_absent=true ready_exact_payload_absent=true cleanup_drain_absent=true diagnostic_guard_inactive=true diagnostic_lifecycle_containment=false prearmed_read_inactive=true aggregate_state=Idle aio_state=Idle transaction_seq=0 activation_generation=None currently_owned=false
Aug 24 02:08:20 raspberrypi gud-drm-e2-direct-rgb565[3115]: 2026-08-24T01:08:20.295466Z  INFO gud_drm: E1-T05 lifecycle event observed from proven Idle ownership event="e1_t05_lifecycle_observed" lifecycle_event="enable" lifecycle_event_state=Idle usb_session_state=Active aggregate_idle=true exact_aio_idle=true accepted_operation_absent=true aio_queue_empty=true pending_exact_receive_absent=true ready_exact_payload_absent=true cleanup_drain_absent=true diagnostic_guard_inactive=true diagnostic_lifecycle_containment=false prearmed_read_inactive=true aggregate_state=Idle aio_state=Idle transaction_seq=0 activation_generation=None currently_owned=false
Aug 24 02:08:20 raspberrypi gud-drm-e2-direct-rgb565[3115]: 2026-08-24T01:08:20.300520Z  INFO gud_drm: session_activity had_host_session=true event=GetDescriptor(GetDescriptor { sender: CtrlSender { ctrl_req: CtrlReq { request_type: 193, request: 1, value: 0, index: 0, length: 30 } } })
